This is pdfTeX, Version 3.141592653-2.6-1.40.28 (MiKTeX 25.12) (preloaded format=pdflatex 2026.8.4)  4 AUG 2026 17:23
entering extended mode
 restricted \write18 enabled.
 %&-line parsing enabled.
**./main.tex
(main.tex
LaTeX2e <2025-11-01>
L3 programming layer <2025-12-24>
(C:\Users\Neelash\AppData\Local\Programs\MiKTeX\tex/latex/base\report.cls
Document Class: report 2025/01/22 v1.4n Standard LaTeX document class
(C:\Users\Neelash\AppData\Local\Programs\MiKTeX\tex/latex/base\size12.clo
File: size12.clo 2025/01/22 v1.4n Standard LaTeX file (size option)
)
\c@part=\count275
\c@chapter=\count276
\c@section=\count277
\c@subsection=\count278
\c@subsubsection=\count279
\c@paragraph=\count280
\c@subparagraph=\count281
\c@figure=\count282
\c@table=\count283
\abovecaptionskip=\skip49
\belowcaptionskip=\skip50
\bibindent=\dimen148
)
(C:\Users\Neelash\AppData\Local\Programs\MiKTeX\tex/latex/base\inputenc.sty
Package: inputenc 2024/02/08 v1.3d Input encoding file
\inpenc@prehook=\toks17
\inpenc@posthook=\toks18
)
(C:\Users\Neelash\AppData\Local\Programs\MiKTeX\tex/latex/base\fontenc.sty
Package: fontenc 2025/07/18 v2.1d Standard LaTeX package
)
(C:\Users\Neelash\AppData\Local\Programs\MiKTeX\tex/latex/psnfss\mathptmx.sty
Package: mathptmx 2020/03/25 PSNFSS-v9.3 Times w/ Math, improved (SPQR, WaS) 
LaTeX Font Info:    Redeclaring symbol font `operators' on input line 28.
LaTeX Font Info:    Overwriting symbol font `operators' in version `normal'
(Font)                  OT1/cmr/m/n --> OT1/ztmcm/m/n on input line 28.
LaTeX Font Info:    Overwriting symbol font `operators' in version `bold'
(Font)                  OT1/cmr/bx/n --> OT1/ztmcm/m/n on input line 28.
LaTeX Font Info:    Redeclaring symbol font `letters' on input line 29.
LaTeX Font Info:    Overwriting symbol font `letters' in version `normal'
(Font)                  OML/cmm/m/it --> OML/ztmcm/m/it on input line 29.
LaTeX Font Info:    Overwriting symbol font `letters' in version `bold'
(Font)                  OML/cmm/b/it --> OML/ztmcm/m/it on input line 29.
LaTeX Font Info:    Redeclaring symbol font `symbols' on input line 30.
LaTeX Font Info:    Overwriting symbol font `symbols' in version `normal'
(Font)                  OMS/cmsy/m/n --> OMS/ztmcm/m/n on input line 30.
LaTeX Font Info:    Overwriting symbol font `symbols' in version `bold'
(Font)                  OMS/cmsy/b/n --> OMS/ztmcm/m/n on input line 30.
LaTeX Font Info:    Redeclaring symbol font `largesymbols' on input line 31.
LaTeX Font Info:    Overwriting symbol font `largesymbols' in version `normal'
(Font)                  OMX/cmex/m/n --> OMX/ztmcm/m/n on input line 31.
LaTeX Font Info:    Overwriting symbol font `largesymbols' in version `bold'
(Font)                  OMX/cmex/m/n --> OMX/ztmcm/m/n on input line 31.
\symbold=\mathgroup4
\symitalic=\mathgroup5
LaTeX Font Info:    Redeclaring math alphabet \mathbf on input line 34.
LaTeX Font Info:    Overwriting math alphabet `\mathbf' in version `normal'
(Font)                  OT1/cmr/bx/n --> OT1/ptm/bx/n on input line 34.
LaTeX Font Info:    Overwriting math alphabet `\mathbf' in version `bold'
(Font)                  OT1/cmr/bx/n --> OT1/ptm/bx/n on input line 34.
LaTeX Font Info:    Redeclaring math alphabet \mathit on input line 35.
LaTeX Font Info:    Overwriting math alphabet `\mathit' in version `normal'
(Font)                  OT1/cmr/m/it --> OT1/ptm/m/it on input line 35.
LaTeX Font Info:    Overwriting math alphabet `\mathit' in version `bold'
(Font)                  OT1/cmr/bx/it --> OT1/ptm/m/it on input line 35.
LaTeX Info: Redefining \hbar on input line 50.
)
(C:\Users\Neelash\AppData\Local\Programs\MiKTeX\tex/latex/microtype\microtype.s
ty
Package: microtype 2026/03/01 v3.2d Micro-typographical refinements (RS)

(C:\Users\Neelash\AppData\Local\Programs\MiKTeX\tex/latex/graphics\keyval.sty
Package: keyval 2022/05/29 v1.15 key=value parser (DPC)
\KV@toks@=\toks19
)
(C:\Users\Neelash\AppData\Local\Programs\MiKTeX\tex/latex/etoolbox\etoolbox.sty
Package: etoolbox 2025/10/02 v2.5m e-TeX tools for LaTeX (JAW)
\etb@tempcnta=\count284
)
\MT@toks=\toks20
\MT@tempbox=\box53
\MT@count=\count285
LaTeX Info: Redefining \noprotrusionifhmode on input line 1084.
LaTeX Info: Redefining \leftprotrusion on input line 1085.
\MT@prot@toks=\toks21
LaTeX Info: Redefining \rightprotrusion on input line 1104.
LaTeX Info: Redefining \textls on input line 1449.
\MT@outer@kern=\dimen149
LaTeX Info: Redefining \microtypecontext on input line 2053.
LaTeX Info: Redefining \textmicrotypecontext on input line 2070.
\MT@listname@count=\count286

(C:\Users\Neelash\AppData\Local\Programs\MiKTeX\tex/latex/microtype\microtype-p
dftex.def
File: microtype-pdftex.def 2026/03/01 v3.2d Definitions specific to pdftex (RS)

LaTeX Info: Redefining \lsstyle on input line 944.
LaTeX Info: Redefining \lslig on input line 944.
\MT@outer@space=\skip51
)
Package microtype Info: Loading configuration file microtype.cfg.

(C:\Users\Neelash\AppData\Local\Programs\MiKTeX\tex/latex/microtype\microtype.c
fg
File: microtype.cfg 2026/03/01 v3.2d microtype main configuration file (RS)
)
LaTeX Info: Redefining \microtypesetup on input line 3065.
)
(C:\Users\Neelash\AppData\Local\Programs\MiKTeX\tex/latex/setspace\setspace.sty
Package: setspace 2022/12/04 v6.7b set line spacing
)
(C:\Users\Neelash\AppData\Local\Programs\MiKTeX\tex/latex/geometry\geometry.sty
Package: geometry 2026/03/07 v6.0 Page Geometry
(C:\Users\Neelash\AppData\Local\Programs\MiKTeX\tex/generic/iftex\ifvtex.sty
Package: ifvtex 2019/10/25 v1.7 ifvtex legacy package. Use iftex instead.

(C:\Users\Neelash\AppData\Local\Programs\MiKTeX\tex/generic/iftex\iftex.sty
Package: iftex 2024/12/12 v1.0g TeX engine tests
))
\Gm@cnth=\count287
\Gm@cntv=\count288
\c@Gm@tempcnt=\count289
\Gm@bindingoffset=\dimen150
\Gm@wd@mp=\dimen151
\Gm@odd@mp=\dimen152
\Gm@even@mp=\dimen153
\Gm@layoutwidth=\dimen154
\Gm@layoutheight=\dimen155
\Gm@layouthoffset=\dimen156
\Gm@layoutvoffset=\dimen157
\Gm@dimlist=\toks22

(C:\Users\Neelash\AppData\Local\Programs\MiKTeX\tex/latex/geometry\geometry.cfg
))
(C:\Users\Neelash\AppData\Local\Programs\MiKTeX\tex/latex/fancyhdr\fancyhdr.sty
Package: fancyhdr 2025/02/07 v5.2 Extensive control of page headers and footers

\f@nch@headwidth=\skip52
\f@nch@offset@elh=\skip53
\f@nch@offset@erh=\skip54
\f@nch@offset@olh=\skip55
\f@nch@offset@orh=\skip56
\f@nch@offset@elf=\skip57
\f@nch@offset@erf=\skip58
\f@nch@offset@olf=\skip59
\f@nch@offset@orf=\skip60
\f@nch@height=\skip61
\f@nch@footalignment=\skip62
\f@nch@widthL=\skip63
\f@nch@widthC=\skip64
\f@nch@widthR=\skip65
\@temptokenb=\toks23
)
(C:\Users\Neelash\AppData\Local\Programs\MiKTeX\tex/latex/titlesec\titlesec.sty
Package: titlesec 2025/01/04 v2.17 Sectioning titles
\ttl@box=\box54
\beforetitleunit=\skip66
\aftertitleunit=\skip67
\ttl@plus=\dimen158
\ttl@minus=\dimen159
\ttl@toksa=\toks24
\titlewidth=\dimen160
\titlewidthlast=\dimen161
\titlewidthfirst=\dimen162
)
(C:\Users\Neelash\AppData\Local\Programs\MiKTeX\tex/latex/graphics\graphicx.sty
Package: graphicx 2024/12/31 v1.2e Enhanced LaTeX Graphics (DPC,SPQR)

(C:\Users\Neelash\AppData\Local\Programs\MiKTeX\tex/latex/graphics\graphics.sty
Package: graphics 2024/08/06 v1.4g Standard LaTeX Graphics (DPC,SPQR)
(C:\Users\Neelash\AppData\Local\Programs\MiKTeX\tex/latex/graphics\trig.sty
Package: trig 2023/12/02 v1.11 sin cos tan (DPC)
)
(C:\Users\Neelash\AppData\Local\Programs\MiKTeX\tex/latex/graphics-cfg\graphics
.cfg
File: graphics.cfg 2016/06/04 v1.11 sample graphics configuration
)
Package graphics Info: Driver file: pdftex.def on input line 106.

(C:\Users\Neelash\AppData\Local\Programs\MiKTeX\tex/latex/graphics-def\pdftex.d
ef
File: pdftex.def 2025/09/29 v1.2d Graphics/color driver for pdftex
))
\Gin@req@height=\dimen163
\Gin@req@width=\dimen164
)
(C:\Users\Neelash\AppData\Local\Programs\MiKTeX\tex/latex/booktabs\booktabs.sty
Package: booktabs 2020/01/12 v1.61803398 Publication quality tables
\heavyrulewidth=\dimen165
\lightrulewidth=\dimen166
\cmidrulewidth=\dimen167
\belowrulesep=\dimen168
\belowbottomsep=\dimen169
\aboverulesep=\dimen170
\abovetopsep=\dimen171
\cmidrulesep=\dimen172
\cmidrulekern=\dimen173
\defaultaddspace=\dimen174
\@cmidla=\count290
\@cmidlb=\count291
\@aboverulesep=\dimen175
\@belowrulesep=\dimen176
\@thisruleclass=\count292
\@lastruleclass=\count293
\@thisrulewidth=\dimen177
) (C:\Users\Neelash\AppData\Local\Programs\MiKTeX\tex/latex/tools\longtable.sty
Package: longtable 2025-10-13 v4.24 Multi-page Table package (DPC)
\LTleft=\skip68
\LTright=\skip69
\LTpre=\skip70
\LTpost=\skip71
\LTchunksize=\count294
\LTcapwidth=\dimen178
\LT@head=\box55
\LT@firsthead=\box56
\LT@foot=\box57
\LT@lastfoot=\box58
\LT@gbox=\box59
\LT@cols=\count295
\LT@rows=\count296
\c@LT@tables=\count297
\c@LT@chunks=\count298
\LT@p@ftn=\toks25
) (C:\Users\Neelash\AppData\Local\Programs\MiKTeX\tex/latex/tools\array.sty
Package: array 2025/09/25 v2.6n Tabular extension package (FMi)
\col@sep=\dimen179
\ar@mcellbox=\box60
\extrarowheight=\dimen180
\NC@list=\toks26
\extratabsurround=\skip72
\backup@length=\skip73
\ar@cellbox=\box61
)
(C:\Users\Neelash\AppData\Local\Programs\MiKTeX\tex/latex/multirow\multirow.sty
Package: multirow 2024/11/12 v2.9 Span multiple rows of a table
\multirow@colwidth=\skip74
\multirow@cntb=\count299
\multirow@dima=\skip75
\bigstrutjot=\dimen181
)
(C:\Users\Neelash\AppData\Local\Programs\MiKTeX\tex/latex/adjustbox\adjustbox.s
ty
Package: adjustbox 2025/02/26 v1.3c Adjusting TeX boxes (trim, clip, ...)

(C:\Users\Neelash\AppData\Local\Programs\MiKTeX\tex/latex/xkeyval\xkeyval.sty
Package: xkeyval 2022/06/16 v2.9 package option processing (HA)

(C:\Users\Neelash\AppData\Local\Programs\MiKTeX\tex/generic/xkeyval\xkeyval.tex

(C:\Users\Neelash\AppData\Local\Programs\MiKTeX\tex/generic/xkeyval\xkvutils.te
x
\XKV@toks=\toks27
\XKV@tempa@toks=\toks28
)
\XKV@depth=\count300
File: xkeyval.tex 2014/12/03 v2.7a key=value parser (HA)
))
(C:\Users\Neelash\AppData\Local\Programs\MiKTeX\tex/latex/adjustbox\adjcalc.sty
Package: adjcalc 2012/05/16 v1.1 Provides advanced setlength with multiple back
-ends (calc, etex, pgfmath)
)
(C:\Users\Neelash\AppData\Local\Programs\MiKTeX\tex/latex/adjustbox\trimclip.st
y
Package: trimclip 2025/02/21 v1.2a Trim and clip general TeX material

(C:\Users\Neelash\AppData\Local\Programs\MiKTeX\tex/latex/collectbox\collectbox
.sty
Package: collectbox 2022/10/17 v0.4c Collect macro arguments as boxes
\collectedbox=\box62
)
\tc@llx=\dimen182
\tc@lly=\dimen183
\tc@urx=\dimen184
\tc@ury=\dimen185
Package trimclip Info: Using driver 'tc-pdftex.def'.

(C:\Users\Neelash\AppData\Local\Programs\MiKTeX\tex/latex/adjustbox\tc-pdftex.d
ef
File: tc-pdftex.def 2025/02/26 v2.3 Clipping driver for pdftex
))
\adjbox@Width=\dimen186
\adjbox@Height=\dimen187
\adjbox@Depth=\dimen188
\adjbox@Totalheight=\dimen189
\adjbox@pwidth=\dimen190
\adjbox@pheight=\dimen191
\adjbox@pdepth=\dimen192
\adjbox@ptotalheight=\dimen193

(C:\Users\Neelash\AppData\Local\Programs\MiKTeX\tex/latex/ifoddpage\ifoddpage.s
ty
Package: ifoddpage 2022/10/18 v1.2 Conditionals for odd/even page detection
\c@checkoddpage=\count301
)
(C:\Users\Neelash\AppData\Local\Programs\MiKTeX\tex/latex/varwidth\varwidth.sty
Package: varwidth 2009/03/30 ver 0.92;  Variable-width minipages
\@vwid@box=\box63
\sift@deathcycles=\count302
\@vwid@loff=\dimen194
\@vwid@roff=\dimen195
)
==> First Aid for varwidth.sty applied!
)
(C:\Users\Neelash\AppData\Local\Programs\MiKTeX\tex/latex/caption\subcaption.st
y
Package: subcaption 2023/07/28 v1.6b Sub-captions (AR)
 (C:\Users\Neelash\AppData\Local\Programs\MiKTeX\tex/latex/caption\caption.sty
Package: caption 2023/08/05 v3.6o Customizing captions (AR)
(C:\Users\Neelash\AppData\Local\Programs\MiKTeX\tex/latex/caption\caption3.sty
Package: caption3 2023/07/31 v2.4d caption3 kernel (AR)
\caption@tempdima=\dimen196
\captionmargin=\dimen197
\caption@leftmargin=\dimen198
\caption@rightmargin=\dimen199
\caption@width=\dimen256
\caption@indent=\dimen257
\caption@parindent=\dimen258
\caption@hangindent=\dimen259
Package caption Info: Standard document class detected.
)
\c@caption@flags=\count303
\c@continuedfloat=\count304
Package caption Info: longtable package is loaded.

(C:\Users\Neelash\AppData\Local\Programs\MiKTeX\tex/latex/caption\ltcaption.sty
Package: ltcaption 2021/01/08 v1.4c longtable captions (AR)
))
Package caption Info: New subtype `subfigure' on input line 238.
\c@subfigure=\count305
Package caption Info: New subtype `subtable' on input line 238.
\c@subtable=\count306
) (C:\Users\Neelash\AppData\Local\Programs\MiKTeX\tex/latex/xcolor\xcolor.sty
Package: xcolor 2024/09/29 v3.02 LaTeX color extensions (UK)

(C:\Users\Neelash\AppData\Local\Programs\MiKTeX\tex/latex/graphics-cfg\color.cf
g
File: color.cfg 2016/01/02 v1.6 sample color configuration
)
Package xcolor Info: Driver file: pdftex.def on input line 274.

(C:\Users\Neelash\AppData\Local\Programs\MiKTeX\tex/latex/graphics\mathcolor.lt
x)
Package xcolor Info: Model `cmy' substituted by `cmy0' on input line 1349.
Package xcolor Info: Model `hsb' substituted by `rgb' on input line 1353.
Package xcolor Info: Model `RGB' extended on input line 1365.
Package xcolor Info: Model `HTML' substituted by `rgb' on input line 1367.
Package xcolor Info: Model `Hsb' substituted by `hsb' on input line 1368.
Package xcolor Info: Model `tHsb' substituted by `hsb' on input line 1369.
Package xcolor Info: Model `HSB' substituted by `hsb' on input line 1370.
Package xcolor Info: Model `Gray' substituted by `gray' on input line 1371.
Package xcolor Info: Model `wave' substituted by `hsb' on input line 1372.
)
(C:\Users\Neelash\AppData\Local\Programs\MiKTeX\tex/latex/colortbl\colortbl.sty
Package: colortbl 2026/05/01 v1.0l Color table columns (DPC)
\everycr=\toks29
\minrowclearance=\skip76
\rownum=\count307
) (C:\Users\Neelash\AppData\Local\Programs\MiKTeX\tex/latex/float\float.sty
Package: float 2001/11/08 v1.3d Float enhancements (AL)
\c@float@type=\count308
\float@exts=\toks30
\float@box=\box64
\@float@everytoks=\toks31
\@floatcapt=\box65
)
(C:\Users\Neelash\AppData\Local\Programs\MiKTeX\tex/latex/placeins\placeins.sty
Package: placeins 2005/04/18  v 2.2
) (C:\Users\Neelash\AppData\Local\Programs\MiKTeX\tex/latex/amsmath\amsmath.sty
Package: amsmath 2025/07/09 v2.17z AMS math features
\@mathmargin=\skip77
For additional information on amsmath, use the `?' option.
(C:\Users\Neelash\AppData\Local\Programs\MiKTeX\tex/latex/amsmath\amstext.sty
Package: amstext 2024/11/17 v2.01 AMS text

(C:\Users\Neelash\AppData\Local\Programs\MiKTeX\tex/latex/amsmath\amsgen.sty
File: amsgen.sty 1999/11/30 v2.0 generic functions
\@emptytoks=\toks32
\ex@=\dimen260
))
(C:\Users\Neelash\AppData\Local\Programs\MiKTeX\tex/latex/amsmath\amsbsy.sty
Package: amsbsy 1999/11/29 v1.2d Bold Symbols
\pmbraise@=\dimen261
)
(C:\Users\Neelash\AppData\Local\Programs\MiKTeX\tex/latex/amsmath\amsopn.sty
Package: amsopn 2022/04/08 v2.04 operator names
)
\inf@bad=\count309
LaTeX Info: Redefining \frac on input line 233.
\uproot@=\count310
\leftroot@=\count311
LaTeX Info: Redefining \overline on input line 398.
LaTeX Info: Redefining \colon on input line 409.
\classnum@=\count312
\DOTSCASE@=\count313
LaTeX Info: Redefining \ldots on input line 495.
LaTeX Info: Redefining \dots on input line 498.
LaTeX Info: Redefining \cdots on input line 619.
\Mathstrutbox@=\box66
\strutbox@=\box67
LaTeX Info: Redefining \big on input line 721.
LaTeX Info: Redefining \Big on input line 722.
LaTeX Info: Redefining \bigg on input line 723.
LaTeX Info: Redefining \Bigg on input line 724.
\big@size=\dimen262
LaTeX Font Info:    Redeclaring font encoding OML on input line 742.
LaTeX Font Info:    Redeclaring font encoding OMS on input line 743.
\macc@depth=\count314
LaTeX Info: Redefining \bmod on input line 904.
LaTeX Info: Redefining \pmod on input line 909.
LaTeX Info: Redefining \smash on input line 939.
LaTeX Info: Redefining \relbar on input line 969.
LaTeX Info: Redefining \Relbar on input line 970.
\c@MaxMatrixCols=\count315
\dotsspace@=\muskip17
\c@parentequation=\count316
\dspbrk@lvl=\count317
\tag@help=\toks33
\row@=\count318
\column@=\count319
\maxfields@=\count320
\andhelp@=\toks34
\eqnshift@=\dimen263
\alignsep@=\dimen264
\tagshift@=\dimen265
\tagwidth@=\dimen266
\totwidth@=\dimen267
\lineht@=\dimen268
\@envbody=\toks35
\multlinegap=\skip78
\multlinetaggap=\skip79
\mathdisplay@stack=\toks36
LaTeX Info: Redefining \[ on input line 2950.
LaTeX Info: Redefining \] on input line 2951.
)
(C:\Users\Neelash\AppData\Local\Programs\MiKTeX\tex/latex/enumitem\enumitem.sty
Package: enumitem 2025/02/06 v3.11 Customized lists
\labelindent=\skip80
\enit@outerparindent=\dimen269
\enit@toks=\toks37
\enit@inbox=\box68
\enit@count@id=\count321
\enitdp@description=\count322
)
(C:\Users\Neelash\AppData\Local\Programs\MiKTeX\tex/latex/listings\listings.sty
\lst@mode=\count323
\lst@gtempboxa=\box69
\lst@token=\toks38
\lst@length=\count324
\lst@currlwidth=\dimen270
\lst@column=\count325
\lst@pos=\count326
\lst@lostspace=\dimen271
\lst@width=\dimen272
\lst@newlines=\count327
\lst@lineno=\count328
\lst@maxwidth=\dimen273

(C:\Users\Neelash\AppData\Local\Programs\MiKTeX\tex/latex/listings\lstpatch.sty
File: lstpatch.sty 2025/11/14 1.11b (Carsten Heinz)
)
(C:\Users\Neelash\AppData\Local\Programs\MiKTeX\tex/latex/listings\lstmisc.sty
File: lstmisc.sty 2025/11/14 1.11b (Carsten Heinz)
\c@lstnumber=\count329
\lst@skipnumbers=\count330
\lst@framebox=\box70
)
(C:\Users\Neelash\AppData\Local\Programs\MiKTeX\tex/latex/listings\listings.cfg
File: listings.cfg 2025/11/14 1.11b listings configuration
))
Package: listings 2025/11/14 1.11b (Carsten Heinz)

==> First Aid for listings.sty no longer applied!
    Expected:
        2024/09/23 1.10c (Carsten Heinz)
    but found:
        2025/11/14 1.11b (Carsten Heinz)
    so I'm assuming it got fixed.
(C:\Users\Neelash\AppData\Local\Programs\MiKTeX\tex/latex/natbib\natbib.sty
Package: natbib 2010/09/13 8.31b (PWD, AO)
\bibhang=\skip81
\bibsep=\skip82
LaTeX Info: Redefining \cite on input line 694.
\c@NAT@ctr=\count331
)
(C:\Users\Neelash\AppData\Local\Programs\MiKTeX\tex/latex/url\url.sty
\Urlmuskip=\muskip18
Package: url 2013/09/16  ver 3.4  Verb mode for urls, etc.
)
(C:\Users\Neelash\AppData\Local\Programs\MiKTeX\tex/latex/hyperref\hyperref.sty
Package: hyperref 2025-07-12 v7.01o Hypertext links for LaTeX

(C:\Users\Neelash\AppData\Local\Programs\MiKTeX\tex/latex/kvsetkeys\kvsetkeys.s
ty
Package: kvsetkeys 2022-10-05 v1.19 Key value parser (HO)
)
(C:\Users\Neelash\AppData\Local\Programs\MiKTeX\tex/generic/kvdefinekeys\kvdefi
nekeys.sty
Package: kvdefinekeys 2019-12-19 v1.6 Define keys (HO)
)
(C:\Users\Neelash\AppData\Local\Programs\MiKTeX\tex/generic/pdfescape\pdfescape
.sty
Package: pdfescape 2019/12/09 v1.15 Implements pdfTeX's escape features (HO)

(C:\Users\Neelash\AppData\Local\Programs\MiKTeX\tex/generic/ltxcmds\ltxcmds.sty
Package: ltxcmds 2023-12-04 v1.26 LaTeX kernel commands for general use (HO)
)
(C:\Users\Neelash\AppData\Local\Programs\MiKTeX\tex/generic/pdftexcmds\pdftexcm
ds.sty
Package: pdftexcmds 2020-06-27 v0.33 Utility functions of pdfTeX for LuaTeX (HO
)

(C:\Users\Neelash\AppData\Local\Programs\MiKTeX\tex/generic/infwarerr\infwarerr
.sty
Package: infwarerr 2019/12/03 v1.5 Providing info/warning/error messages (HO)
)
Package pdftexcmds Info: \pdf@primitive is available.
Package pdftexcmds Info: \pdf@ifprimitive is available.
Package pdftexcmds Info: \pdfdraftmode found.
))
(C:\Users\Neelash\AppData\Local\Programs\MiKTeX\tex/latex/hycolor\hycolor.sty
Package: hycolor 2020-01-27 v1.10 Color options for hyperref/bookmark (HO)
)
(C:\Users\Neelash\AppData\Local\Programs\MiKTeX\tex/latex/hyperref\nameref.sty
Package: nameref 2025-06-21 v2.57 Cross-referencing by name of section

(C:\Users\Neelash\AppData\Local\Programs\MiKTeX\tex/latex/refcount\refcount.sty
Package: refcount 2019/12/15 v3.6 Data extraction from label references (HO)
)
(C:\Users\Neelash\AppData\Local\Programs\MiKTeX\tex/generic/gettitlestring\gett
itlestring.sty
Package: gettitlestring 2019/12/15 v1.6 Cleanup title references (HO)

(C:\Users\Neelash\AppData\Local\Programs\MiKTeX\tex/latex/kvoptions\kvoptions.s
ty
Package: kvoptions 2022-06-15 v3.15 Key value format for package options (HO)
))
\c@section@level=\count332
)
(C:\Users\Neelash\AppData\Local\Programs\MiKTeX\tex/generic/stringenc\stringenc
.sty
Package: stringenc 2019/11/29 v1.12 Convert strings between diff. encodings (HO
)
)
\@linkdim=\dimen274
\Hy@linkcounter=\count333
\Hy@pagecounter=\count334

(C:\Users\Neelash\AppData\Local\Programs\MiKTeX\tex/latex/hyperref\pd1enc.def
File: pd1enc.def 2025-07-12 v7.01o Hyperref: PDFDocEncoding definition (HO)
Now handling font encoding PD1 ...
... no UTF-8 mapping file for font encoding PD1
)
(C:\Users\Neelash\AppData\Local\Programs\MiKTeX\tex/generic/intcalc\intcalc.sty
Package: intcalc 2019/12/15 v1.3 Expandable calculations with integers (HO)
)
\Hy@SavedSpaceFactor=\count335
 (C:\Users\Neelash\AppData\Local\Programs\MiKTeX\tex/latex/hyperref\puenc.def
File: puenc.def 2025-07-12 v7.01o Hyperref: PDF Unicode definition (HO)
Now handling font encoding PU ...
... no UTF-8 mapping file for font encoding PU
)
Package hyperref Info: Hyper figures OFF on input line 4195.
Package hyperref Info: Link nesting OFF on input line 4200.
Package hyperref Info: Hyper index ON on input line 4203.
Package hyperref Info: Plain pages OFF on input line 4210.
Package hyperref Info: Backreferencing OFF on input line 4215.
Package hyperref Info: Implicit mode ON; LaTeX internals redefined.
Package hyperref Info: Bookmarks ON on input line 4462.
\c@Hy@tempcnt=\count336
LaTeX Info: Redefining \url on input line 4801.
\XeTeXLinkMargin=\dimen275
(C:\Users\Neelash\AppData\Local\Programs\MiKTeX\tex/generic/bitset\bitset.sty
Package: bitset 2019/12/09 v1.3 Handle bit-vector datatype (HO)

(C:\Users\Neelash\AppData\Local\Programs\MiKTeX\tex/generic/bigintcalc\bigintca
lc.sty
Package: bigintcalc 2019/12/15 v1.5 Expandable calculations on big integers (HO
)
))
\Fld@menulength=\count337
\Field@Width=\dimen276
\Fld@charsize=\dimen277
Package hyperref Info: Hyper figures OFF on input line 6078.
Package hyperref Info: Link nesting OFF on input line 6083.
Package hyperref Info: Hyper index ON on input line 6086.
Package hyperref Info: backreferencing OFF on input line 6093.
Package hyperref Info: Link coloring OFF on input line 6098.
Package hyperref Info: Link coloring with OCG OFF on input line 6103.
Package hyperref Info: PDF/A mode OFF on input line 6108.
\Hy@abspage=\count338
\c@Item=\count339
\c@Hfootnote=\count340
)
Package hyperref Info: Driver (autodetected): hpdftex.

(C:\Users\Neelash\AppData\Local\Programs\MiKTeX\tex/latex/hyperref\hpdftex.def
File: hpdftex.def 2025-07-12 v7.01o Hyperref driver for pdfTeX
\Fld@listcount=\count341
\c@bookmark@seq@number=\count342

(C:\Users\Neelash\AppData\Local\Programs\MiKTeX\tex/latex/rerunfilecheck\rerunf
ilecheck.sty
Package: rerunfilecheck 2025-06-21 v1.11 Rerun checks for auxiliary files (HO)

(C:\Users\Neelash\AppData\Local\Programs\MiKTeX\tex/generic/uniquecounter\uniqu
ecounter.sty
Package: uniquecounter 2019/12/15 v1.4 Provide unlimited unique counter (HO)
)
Package uniquecounter Info: New unique counter `rerunfilecheck' on input line 2
84.
)
\Hy@SectionHShift=\skip83
)
Package hyperref Info: Option `colorlinks' set `true' on input line 119.
LaTeX Font Info:    Trying to load font information for T1+ptm on input line 14
8.

(C:\Users\Neelash\AppData\Local\Programs\MiKTeX\tex/latex/psnfss\t1ptm.fd
File: t1ptm.fd 2001/06/04 font definitions for T1/ptm.
)
(C:\Users\Neelash\AppData\Local\Programs\MiKTeX\tex/latex/l3backend\l3backend-p
dftex.def
File: l3backend-pdftex.def 2025-10-09 L3 backend support: PDF output (pdfTeX)
\l__color_backend_stack_int=\count343
) (main.aux)
\openout1 = `main.aux'.

LaTeX Font Info:    Checking defaults for OML/cmm/m/it on input line 148.
LaTeX Font Info:    ... okay on input line 148.
LaTeX Font Info:    Checking defaults for OMS/cmsy/m/n on input line 148.
LaTeX Font Info:    ... okay on input line 148.
LaTeX Font Info:    Checking defaults for OT1/cmr/m/n on input line 148.
LaTeX Font Info:    ... okay on input line 148.
LaTeX Font Info:    Checking defaults for T1/cmr/m/n on input line 148.
LaTeX Font Info:    ... okay on input line 148.
LaTeX Font Info:    Checking defaults for TS1/cmr/m/n on input line 148.
LaTeX Font Info:    ... okay on input line 148.
LaTeX Font Info:    Checking defaults for OMX/cmex/m/n on input line 148.
LaTeX Font Info:    ... okay on input line 148.
LaTeX Font Info:    Checking defaults for U/cmr/m/n on input line 148.
LaTeX Font Info:    ... okay on input line 148.
LaTeX Font Info:    Checking defaults for PD1/pdf/m/n on input line 148.
LaTeX Font Info:    ... okay on input line 148.
LaTeX Font Info:    Checking defaults for PU/pdf/m/n on input line 148.
LaTeX Font Info:    ... okay on input line 148.
Package microtype Info: Patching varwidth to enable character protrusion.
\MT@vwid@leftmargin=\dimen278
\MT@vwid@rightmargin=\dimen279
LaTeX Info: Redefining \microtypecontext on input line 148.
Package microtype Info: Applying patch `item' on input line 148.
Package microtype Info: Applying patch `toc' on input line 148.
Package microtype Info: Applying patch `eqnum' on input line 148.
Package microtype Info: Applying patch `footnote' on input line 148.
Package microtype Info: Applying patch `verbatim' on input line 148.
LaTeX Info: Redefining \microtypesetup on input line 148.
Package microtype Info: Generating PDF output.
Package microtype Info: Character protrusion enabled (level 2).
Package microtype Info: Using default protrusion set `alltext'.
Package microtype Info: No font expansion.
Package microtype Info: No adjustment of tracking.
Package microtype Info: No adjustment of interword spacing.
Package microtype Info: No adjustment of character kerning.

(C:\Users\Neelash\AppData\Local\Programs\MiKTeX\tex/latex/microtype\mt-ptm.cfg
File: mt-ptm.cfg 2006/04/20 v1.7 microtype config. file: Times (RS)
)
*geometry* driver: auto-detecting
*geometry* detected driver: pdftex
*geometry* verbose mode - [ preamble ] result:
* driver: pdftex
* paper: a4paper
* layout: <same size as paper>
* layoutoffset:(h,v)=(0.0pt,0.0pt)
* modes: 
* h-part:(L,W,R)=(113.81102pt, 426.79135pt, 56.9055pt)
* v-part:(T,H,B)=(56.9055pt, 731.23584pt, 56.9055pt)
* \paperwidth=597.50787pt
* \paperheight=845.04684pt
* \textwidth=426.79135pt
* \textheight=731.23584pt
* \oddsidemargin=41.54103pt
* \evensidemargin=41.54103pt
* \topmargin=-60.36449pt
* \headheight=20.0pt
* \headsep=25.0pt
* \topskip=12.0pt
* \footskip=30.0pt
* \marginparwidth=35.0pt
* \marginparsep=10.0pt
* \columnsep=10.0pt
* \skip\footins=10.8pt plus 4.0pt minus 2.0pt
* \hoffset=0.0pt
* \voffset=0.0pt
* \mag=1000
* \@twocolumnfalse
* \@twosidefalse
* \@mparswitchfalse
* \@reversemarginfalse
* (1in=72.27pt=25.4mm, 1cm=28.453pt)


(C:\Users\Neelash\AppData\Local\Programs\MiKTeX\tex/context/base/mkii\supp-pdf.
mkii
[Loading MPS to PDF converter (version 2006.09.02).]
\scratchcounter=\count344
\scratchdimen=\dimen280
\scratchbox=\box71
\nofMPsegments=\count345
\nofMParguments=\count346
\everyMPshowfont=\toks39
\MPscratchCnt=\count347
\MPscratchDim=\dimen281
\MPnumerator=\count348
\makeMPintoPDFobject=\count349
\everyMPtoPDFconversion=\toks40
)
(C:\Users\Neelash\AppData\Local\Programs\MiKTeX\tex/latex/epstopdf-pkg\epstopdf
-base.sty
Package: epstopdf-base 2020-01-24 v2.11 Base part for package epstopdf
Package epstopdf-base Info: Redefining graphics rule for `.eps' on input line 4
85.

(C:\Users\Neelash\AppData\Local\Programs\MiKTeX\tex/latex/00miktex\epstopdf-sys
.cfg
File: epstopdf-sys.cfg 2021/03/18 v2.0 Configuration of epstopdf for MiKTeX
))
Package caption Info: Begin \AtBeginDocument code.
Package caption Info: float package is loaded.
Package caption Info: hyperref package is loaded.
Package caption Info: listings package is loaded.
Package caption Info: End \AtBeginDocument code.
\c@lstlisting=\count350
Package hyperref Info: Link coloring ON on input line 148.
 (main.out) (main.out)
\@outlinefile=\write3
\openout3 = `main.out'.

 (chapters/frontmatter.tex
<figures/hwulogo.png, id=491, 302.12875pt x 321.2pt>
File: figures/hwulogo.png Graphic file (type png)
<use figures/hwulogo.png>
Package pdftex.def Info: figures/hwulogo.png  used on input line 15.
(pdftex.def)             Requested size: 140.0pt x 148.83693pt.
 [1

{C:/Users/Neelash/AppData/Local/MiKTeX/fonts/map/pdftex/pdftex.map}{C:/Users/Ne
elash/AppData/Local/Programs/MiKTeX/fonts/enc/dvips/base/8r.enc} <./figures/hwu
logo.png>]
LaTeX Font Info:    Trying to load font information for OT1+ztmcm on input line
 50.

(C:\Users\Neelash\AppData\Local\Programs\MiKTeX\tex/latex/psnfss\ot1ztmcm.fd
File: ot1ztmcm.fd 2000/01/03 Fontinst v1.801 font definitions for OT1/ztmcm.
)
Package microtype Info: Loading generic protrusion settings for font family
(microtype)             `ztmcm' (encoding: OT1).
(microtype)             For optimal results, create family-specific settings.
(microtype)             See the microtype manual for details.
LaTeX Font Info:    Trying to load font information for OML+ztmcm on input line
 50.

(C:\Users\Neelash\AppData\Local\Programs\MiKTeX\tex/latex/psnfss\omlztmcm.fd
File: omlztmcm.fd 2000/01/03 Fontinst v1.801 font definitions for OML/ztmcm.
)
LaTeX Font Info:    Trying to load font information for OMS+ztmcm on input line
 50.

(C:\Users\Neelash\AppData\Local\Programs\MiKTeX\tex/latex/psnfss\omsztmcm.fd
File: omsztmcm.fd 2000/01/03 Fontinst v1.801 font definitions for OMS/ztmcm.
)
LaTeX Font Info:    Trying to load font information for OMX+ztmcm on input line
 50.

(C:\Users\Neelash\AppData\Local\Programs\MiKTeX\tex/latex/psnfss\omxztmcm.fd
File: omxztmcm.fd 2000/01/03 Fontinst v1.801 font definitions for OMX/ztmcm.
)
LaTeX Font Info:    Trying to load font information for OT1+ptm on input line 5
0.

(C:\Users\Neelash\AppData\Local\Programs\MiKTeX\tex/latex/psnfss\ot1ptm.fd
File: ot1ptm.fd 2001/06/04 font definitions for OT1/ptm.
)
LaTeX Font Info:    Font shape `OT1/ptm/bx/n' in size <12> not available
(Font)              Font shape `OT1/ptm/b/n' tried instead on input line 50.
LaTeX Font Info:    Font shape `OT1/ptm/bx/n' in size <9> not available
(Font)              Font shape `OT1/ptm/b/n' tried instead on input line 50.
LaTeX Font Info:    Font shape `OT1/ptm/bx/n' in size <7> not available
(Font)              Font shape `OT1/ptm/b/n' tried instead on input line 50.

pdfTeX warning (ext4): destination with the same identifier (name{page.I}) has 
been already used, duplicate ignored
<to be read again> 
                   \relax 
l.64 \chapter
             *{Dedication} [1

] [2

] [3

]
Package microtype Info: Loading generic protrusion settings for font family
(microtype)             `cmtt' (encoding: T1).
(microtype)             For optimal results, create family-specific settings.
(microtype)             See the microtype manual for details.
)
Overfull \hbox (5.03143pt too wide) in paragraph at lines 91--157
\T1/ptm/m/it/10.95 signed and bound into ev-ery sub-mit-ted copy of the the-sis
 (see the \T1/cmtt/m/it/10.95 Heriot_Watt_Thesis_Template
 []

[4

] (main.toc [5

] [6] [7] [8])
\tf@toc=\write4
\openout4 = `main.toc'.

 [9] (main.lof
Overfull \hbox (2.49376pt too wide) in paragraph at lines 11--11
 \T1/ptm/m/n/12 from a ran-dom view-point (hidden-point re-moval keeps only vis
-i-ble points), 
 []

[10


] [11])
\tf@lof=\write5
\openout5 = `main.lof'.

 [12] (main.lot [13


])
\tf@lot=\write6
\openout6 = `main.lot'.

 [14] (chapters/ch01_introduction.tex
Chapter 1.
[1


] [2]

LaTeX Font Warning: Font shape `T1/ptm/m/scit' undefined
(Font)              using `T1/ptm/m/sc' instead on input line 98.

[3]
Overfull \hbox (2.09505pt too wide) in paragraph at lines 146--150
[]\T1/ptm/m/n/12 A com-plete, doc-u-mented and re-pro-ducible data-preparation 
chain for reconstruction-
 []


Overfull \hbox (13.9873pt too wide) in paragraph at lines 155--159
[]\T1/ptm/b/n/12 Route B\T1/ptm/m/n/12 : a PCN-based single-view com-ple-tion s
ys-tem whose train-ing data is grounded
 []

LaTeX Font Info:    Trying to load font information for TS1+ptm on input line 1
71.
(C:\Users\Neelash\AppData\Local\Programs\MiKTeX\tex/latex/psnfss\ts1ptm.fd
File: ts1ptm.fd 2001/06/04 font definitions for TS1/ptm.
)
Overfull \hbox (4.41121pt too wide) in paragraph at lines 171--175
\T1/ptm/m/n/12 cloud pro-cess-ing, pair-wise and mul-ti-way reg-is-tra-tion, su
r-face re-con-struc-tion, learned
 []

[4]) (chapters/ch02_literature_review.tex [5]
Chapter 2.
[6

] [7] [8] [9] [10] [11]) (chapters/ch03_dataset_preparation.tex [12]
Chapter 3.
[13

]
<figures/fig_suop_dataset.png, id=1044, 687.56876pt x 236.885pt>
File: figures/fig_suop_dataset.png Graphic file (type png)
<use figures/fig_suop_dataset.png>
Package pdftex.def Info: figures/fig_suop_dataset.png  used on input line 50.
(pdftex.def)             Requested size: 349.97203pt x 120.5748pt.

Overfull \hbox (2.71205pt too wide) in paragraph at lines 88--95
\T1/ptm/m/n/12 record, case by case, ex-actly which quan-ti-ties are present. T
he au-dit reads \T1/cmtt/m/n/12 ping_info.csv
 []


LaTeX Font Warning: Font shape `T1/ptm/m/scit' undefined
(Font)              using `T1/ptm/m/sc' instead on input line 95.

[14 <./figures/fig_suop_dataset.png>]

LaTeX Font Warning: Font shape `T1/ptm/m/scit' undefined
(Font)              using `T1/ptm/m/sc' instead on input line 148.

[15]
Overfull \hbox (10.57352pt too wide) detected at line 172
[][][][] \OT1/ztmcm/m/n/12 = [] \OMS/ztmcm/m/n/12 ^^B []\OML/ztmcm/m/it/12 ;  [
] \OMS/ztmcm/m/n/12 ^^T [] ^^T \OT1/ztmcm/m/n/12 2\OML/ztmcm/m/it/12 :\OT1/ztmc
m/m/n/12 5 \OMS/ztmcm/m/n/12 ^^B []\OML/ztmcm/m/it/12 ;
 []


LaTeX Font Warning: Font shape `T1/ptm/m/scit' undefined
(Font)              using `T1/ptm/m/sc' instead on input line 188.

[16]
<figures/fig_tyre_segments.png, id=1074, 1156.32pt x 614.295pt>
File: figures/fig_tyre_segments.png Graphic file (type png)
<use figures/fig_tyre_segments.png>
Package pdftex.def Info: figures/fig_tyre_segments.png  used on input line 192.

(pdftex.def)             Requested size: 307.29028pt x 163.24669pt.
<figures/fig_dummy_segments.png, id=1075, 1156.32pt x 614.295pt>
File: figures/fig_dummy_segments.png Graphic file (type png)
<use figures/fig_dummy_segments.png>
Package pdftex.def Info: figures/fig_dummy_segments.png  used on input line 198
.
(pdftex.def)             Requested size: 307.29028pt x 163.24669pt.


LaTeX Font Warning: Font shape `T1/ptm/m/scit' undefined
(Font)              using `T1/ptm/m/sc' instead on input line 221.

[17 <./figures/fig_tyre_segments.png> <./figures/fig_dummy_segments.png>])
(chapters/ch04_route_a.tex

LaTeX Font Warning: Font shape `T1/ptm/m/scit' undefined
(Font)              using `T1/ptm/m/sc' instead on input line 4.

[18]
Chapter 4.
<figures/fig_routeA_comparison.png, id=1096, 1156.32pt x 650.43pt>
File: figures/fig_routeA_comparison.png Graphic file (type png)
<use figures/fig_routeA_comparison.png>
Package pdftex.def Info: figures/fig_routeA_comparison.png  used on input line 
49.
(pdftex.def)             Requested size: 392.64725pt x 220.85545pt.
[19

] [20 <./figures/fig_routeA_comparison.png>] [21] [22]
Overfull \hbox (19.85307pt too wide) in paragraph at lines 163--173
[]\T1/ptm/m/n/12 The cloud's nor-mals are ori-ented con-sis-tently (\T1/ptm/m/i
t/12 ori-ent_normals_consistent_tangent_plane\T1/ptm/m/n/12 ),
 []

[23]
Overfull \hbox (8.70683pt too wide) in paragraph at lines 215--227
[]\T1/ptm/m/n/12 The sonar-native vari-ant (\T1/cmtt/m/n/12 reconstruct_suop_ts
df.py\T1/ptm/m/n/12 ) de-lib-er-ately con-tains no CAD,
 []

) (chapters/ch05_route_b.tex
Overfull \hbox (0.79985pt too wide) in paragraph at lines 231--4
\T1/ptm/m/n/12 faith-ful fu-sion of mea-sure-ments. It es-ti-mates poses from g
e-om-e-try (FPFH/RANSAC/ICP),
 []


Overfull \hbox (0.3924pt too wide) in paragraph at lines 231--4
\T1/ptm/m/n/12 and sur-faces the re-sult with two com-ple-men-tary mesh-ers. Tw
o vari-ants harden the pipeline
 []

[24] [25]
Chapter 5.
[26

]
<figures/fig_routeB_dummy.png, id=1164, 1127.412pt x 419.166pt>
File: figures/fig_routeB_dummy.png Graphic file (type png)
<use figures/fig_routeB_dummy.png>
Package pdftex.def Info: figures/fig_routeB_dummy.png  used on input line 52.
(pdftex.def)             Requested size: 384.1096pt x 142.80876pt.
<figures/fig_chair_ping.png, id=1166, 555.07375pt x 724.7075pt>
File: figures/fig_chair_ping.png Graphic file (type png)
<use figures/fig_chair_ping.png>
Package pdftex.def Info: figures/fig_chair_ping.png  used on input line 72.
(pdftex.def)             Requested size: 234.73654pt x 306.47612pt.
 [27 <./figures/fig_routeB_dummy.png>] [28 <./figures/fig_chair_ping.png (PNG c
opy)>]
<figures/fig_sim_partial.png, id=1184, 687.56876pt x 149.55875pt>
File: figures/fig_sim_partial.png Graphic file (type png)
<use figures/fig_sim_partial.png>
Package pdftex.def Info: figures/fig_sim_partial.png  used on input line 109.
(pdftex.def)             Requested size: 384.1096pt x 83.54921pt.
LaTeX Font Info:    Font shape `OT1/ptm/bx/n' in size <10.95> not available
(Font)              Font shape `OT1/ptm/b/n' tried instead on input line 128.
LaTeX Font Info:    Font shape `OT1/ptm/bx/n' in size <8> not available
(Font)              Font shape `OT1/ptm/b/n' tried instead on input line 128.
LaTeX Font Info:    Font shape `OT1/ptm/bx/n' in size <6> not available
(Font)              Font shape `OT1/ptm/b/n' tried instead on input line 128.
 [29 <./figures/fig_sim_partial.png>]
Overfull \hbox (25.24316pt too wide) in paragraph at lines 188--198
[]\T1/ptm/b/n/12 Generator 1 --- pro-ce-du-ral para-met-ric mod-els. \T1/cmtt/m
/n/12 make_chair\T1/ptm/m/n/12 , \T1/cmtt/m/n/12 make_tire\T1/ptm/m/n/12 , \T1/
cmtt/m/n/12 make_drum
 []


Overfull \hbox (27.0411pt too wide) in paragraph at lines 198--207
[]\T1/ptm/b/n/12 Generator 2 --- mesh-conditioned on Route A out-put. \T1/cmtt/
m/n/12 gen_suop_dummy_dataset.py
 []


Overfull \hbox (73.41281pt too wide) in paragraph at lines 198--207
\T1/ptm/m/n/12 builds train-ing pairs from the \T1/ptm/m/it/12 ac-tual re-con-s
tructed \T1/ptm/b/it/12 Route A \T1/ptm/m/it/12 meshes \T1/ptm/m/n/12 (e.g. \T1
/cmtt/m/n/12 meshes/dummy_bpa.ply\T1/ptm/m/n/12 ):
 []

[30]
Overfull \hbox (83.1706pt too wide) in paragraph at lines 210--216
\T1/ptm/m/n/12 Datasets were gen-er-ated with $\OML/ztmcm/m/it/12 n \OT1/ztmcm/
m/n/12 = 6000$ \T1/ptm/m/n/12 pairs (e.g. \T1/cmtt/m/n/12 dataset_dummy_suop.np
z\T1/ptm/m/n/12 , \T1/cmtt/m/n/12 dataset_drum_suop.npz\T1/ptm/m/n/12 )
 []

[31]
Overfull \hbox (10.33589pt too wide) in paragraph at lines 245--247
[]\T1/cmtt/m/n/12 pcn_dummy_suop_10ep.pth \T1/ptm/m/n/12 --- dummy, mesh-condit
ioned (Gen-er-a-tor 2), 10 epochs; 
 []

) (chapters/ch06_route_comparison.tex [32]
Chapter 6.
[33

]
Underfull \hbox (badness 10000) in paragraph at lines 76--76
[]|\T1/ptm/b/n/10.95 Internal op-er-a-
 []


Underfull \hbox (badness 10000) in paragraph at lines 81--83
[]|\T1/ptm/m/n/10.95 coarse + fine com-pleted point
 []


Underfull \hbox (badness 7030) in paragraph at lines 81--83
\T1/ptm/m/n/10.95 clouds; un-ob-served re-gions are
 []


Underfull \hbox (badness 1466) in paragraph at lines 83--83
[]|\T1/ptm/m/it/10.95 what was mea-sured\T1/ptm/m/n/10.95 , aligned and
 []


Underfull \hbox (badness 2173) in paragraph at lines 84--85
[]|\T1/ptm/m/it/10.95 what was in-ferred\T1/ptm/m/n/10.95 , guided by a
 []


Underfull \hbox (badness 5331) in paragraph at lines 86--88
[]|\T1/ptm/m/n/10.95 complete ref-er-ence cloud paired
 []


Underfull \hbox (badness 3679) in paragraph at lines 86--88
\T1/ptm/m/n/10.95 with each par-tial (pro-ce-du-ral or
 []


Underfull \hbox (badness 1019) in paragraph at lines 90--92
[]|\T1/ptm/m/n/10.95 hallucination: plausible-but-wrong
 []


Underfull \hbox (badness 10000) in paragraph at lines 92--92
[]|\T1/ptm/b/n/10.95 Evaluation met-
 []


Underfull \hbox (badness 10000) in paragraph at lines 92--94
[]|\T1/ptm/m/n/10.95 registration fit-ness/RMSE, graph
 []


Underfull \hbox (badness 10000) in paragraph at lines 92--94
\T1/ptm/m/n/10.95 con-nec-tiv-ity, fused-point counts,
 []


Underfull \hbox (badness 10000) in paragraph at lines 94--96
[]|\T1/ptm/m/n/10.95 Chamfer dis-tance (ac-cu-racy
 []


Underfull \hbox (badness 10000) in paragraph at lines 94--96
\T1/ptm/m/n/10.95 + com-plete-ness), vi-sual par-
 []


Underfull \hbox (badness 10000) in paragraph at lines 94--96
\T1/ptm/m/n/10.95 tial/reference/completion com-
 []


Underfull \hbox (badness 1389) in paragraph at lines 96--96
[]|\T1/ptm/b/n/10.95 Do not com-pare
 []

[34] [35] [36]) (chapters/ch07_results_route_a.tex [37]
Chapter 7.
[38

]
<figures/fig_chair_segments.png, id=1267, 1156.32pt x 614.295pt>
File: figures/fig_chair_segments.png Graphic file (type png)
<use figures/fig_chair_segments.png>
Package pdftex.def Info: figures/fig_chair_segments.png  used on input line 63.

(pdftex.def)             Requested size: 392.64725pt x 208.5857pt.
<figures/fig_chair_reconstruction.png, id=1271, 1300.86pt x 722.7pt>
File: figures/fig_chair_reconstruction.png Graphic file (type png)
<use figures/fig_chair_reconstruction.png>
Package pdftex.def Info: figures/fig_chair_reconstruction.png  used on input li
ne 105.
(pdftex.def)             Requested size: 401.1849pt x 222.87679pt.
 [39 <./figures/fig_chair_segments.png>]
<figures/fig_tyre_reconstruction.png, id=1277, 1300.86pt x 722.7pt>
File: figures/fig_tyre_reconstruction.png Graphic file (type png)
<use figures/fig_tyre_reconstruction.png>
Package pdftex.def Info: figures/fig_tyre_reconstruction.png  used on input lin
e 115.
(pdftex.def)             Requested size: 401.1849pt x 222.87679pt.
<figures/fig_dummy_reconstruction.png, id=1278, 1300.86pt x 722.7pt>
File: figures/fig_dummy_reconstruction.png Graphic file (type png)
<use figures/fig_dummy_reconstruction.png>
Package pdftex.def Info: figures/fig_dummy_reconstruction.png  used on input li
ne 124.
(pdftex.def)             Requested size: 401.1849pt x 222.87679pt.
 [40 <./figures/fig_chair_reconstruction.png> <./figures/fig_tyre_reconstructio
n.png>]
Overfull \hbox (3.4976pt too wide) in paragraph at lines 132--135
[]\T1/ptm/m/n/12 Figure [][]7.5[][] shows the chair re-con-struc-tion ro-tated 
around the ver-ti-cal axis. The turntable
 []

<figures/fig_chair_turntable.png, id=1287, 1156.32pt x 325.215pt>
File: figures/fig_chair_turntable.png Graphic file (type png)
<use figures/fig_chair_turntable.png>
Package pdftex.def Info: figures/fig_chair_turntable.png  used on input line 13
8.
(pdftex.def)             Requested size: 418.2537pt x 117.63309pt.
<figures/fig_dummy_turntable.png, id=1288, 1156.32pt x 397.485pt>
File: figures/fig_dummy_turntable.png Graphic file (type png)
<use figures/fig_dummy_turntable.png>
Package pdftex.def Info: figures/fig_dummy_turntable.png  used on input line 14
7.
(pdftex.def)             Requested size: 418.2537pt x 143.77377pt.
[41 <./figures/fig_dummy_reconstruction.png> <./figures/fig_chair_turntable.png
>] [42 <./figures/fig_dummy_turntable.png>]
Overfull \hbox (34.81873pt too wide) in paragraph at lines 223--226
[]\T1/ptm/b/n/12 Pipeline com-ple-tion. \T1/ptm/m/n/12 All five cat-e-gories co
m-pleted the full registration$\OMS/ztmcm/m/n/12 !$\T1/ptm/m/n/12 fusion$\OMS/z
tmcm/m/n/12 !$\T1/ptm/m/n/12 meshing
 []

) (chapters/ch08_results_route_b.tex [43]
Chapter 8.
[44

]
<figures/fig_dummy_epochs.png, id=1323, 1854.93pt x 1843.88875pt>
File: figures/fig_dummy_epochs.png Graphic file (type png)
<use figures/fig_dummy_epochs.png>
Package pdftex.def Info: figures/fig_dummy_epochs.png  used on input line 64.
(pdftex.def)             Requested size: 375.57846pt x 373.32916pt.
<figures/fig_drum_epochs.png, id=1324, 1854.93pt x 1843.88875pt>
File: figures/fig_drum_epochs.png Graphic file (type png)
<use figures/fig_drum_epochs.png>
Package pdftex.def Info: figures/fig_drum_epochs.png  used on input line 74.
(pdftex.def)             Requested size: 375.57846pt x 373.32916pt.
 [45 <./figures/fig_dummy_epochs.png (PNG copy)>]
<figures/fig_dummy_ep05_vs_10.png, id=1330, 1503.216pt x 419.166pt>
File: figures/fig_dummy_ep05_vs_10.png Graphic file (type png)
<use figures/fig_dummy_ep05_vs_10.png>
Package pdftex.def Info: figures/fig_dummy_ep05_vs_10.png  used on input line 8
8.
(pdftex.def)             Requested size: 418.2537pt x 116.63014pt.
 [46 <./figures/fig_drum_epochs.png (PNG copy)> <./figures/fig_dummy_ep05_vs_10
.png>]
<figures/fig_chair_pcn_progression.png, id=1338, 1234.6125pt x 481.8pt>
File: figures/fig_chair_pcn_progression.png Graphic file (type png)
<use figures/fig_chair_pcn_progression.png>
Package pdftex.def Info: figures/fig_chair_pcn_progression.png  used on input l
ine 105.
(pdftex.def)             Requested size: 418.2537pt x 163.2217pt.

Overfull \hbox (2.2051pt too wide) in paragraph at lines 116--122
[]\T1/ptm/b/n/12 Scale re-cov-ery. \T1/ptm/m/n/12 The com-pleted cloud's boundi
ng-box di-ag-o-nal moves from 0.659 m
 []

[47 <./figures/fig_chair_pcn_progression.png (PNG copy)>])
(chapters/ch09_discussion.tex [48]
Chapter 9.

Underfull \hbox (badness 10000) in paragraph at lines 58--59
[]|\T1/ptm/m/n/10.95 Rich: seg-ments, re-con-struc-tion,
 []


Underfull \hbox (badness 4467) in paragraph at lines 58--59
\T1/ptm/m/n/10.95 turntable, view-aware and ray-TSDF
 []


Underfull \hbox (badness 10000) in paragraph at lines 59--60
[]|\T1/ptm/m/n/10.95 No ded-i-cated PCN re-sult in this
 []


Underfull \hbox (badness 4108) in paragraph at lines 60--60
[]|\T1/ptm/m/n/10.95 Good: seg-ments, mesh com-par-i-son,
 []

[49

] [50] [51]) (chapters/ch10_conclusions.tex [52]
Chapter 10.

Overfull \hbox (41.74165pt too wide) in paragraph at lines 30--38
[]\T1/ptm/b/n/12 Route A --- multi-view ge-o-met-ric fu-sion. \T1/ptm/m/n/12 A 
fully ge-o-met-ric pipeline (FPFH/RANSAC/ICP
 []

[53

]

LaTeX Font Warning: Font shape `T1/ptm/m/scit' undefined
(Font)              using `T1/ptm/m/sc' instead on input line 60.

[54]
Overfull \hbox (49.53125pt too wide) in paragraph at lines 126--129
[]\T1/ptm/m/n/12 Record background-only scans be-fore and af-ter the se-quence,
 full per-ping pan/tilt/time/sound-
 []

[55]
Overfull \hbox (2.1774pt too wide) in paragraph at lines 165--172
[]\T1/ptm/m/n/12 Finally, the mesh-conditioned train-ing re-sult sug-gests a pr
omis-ing hy-brid: use \T1/ptm/b/n/12 Route A
 []

) [56] [57] (main.bbl [58


] [59] [60]
Underfull \hbox (badness 10000) in paragraph at lines 203--205
[]\T1/ptm/m/n/12 G. Jocher, A. Chaura-sia, and J. Qiu, ``Ul-tr-a-lyt-ics YOLOv8
,''
 []

) [61] (chapters/appendix_a.tex
Appendix A.

Underfull \hbox (badness 10000) in paragraph at lines 57--57
[]|\T1/ptm/m/n/10.95 create Conda env from
 []


Underfull \hbox (badness 10000) in paragraph at lines 59--59
[]|\T1/cmtt/m/n/10.95 checkout.bat \T1/ptm/m/n/10.95 /
 []


Underfull \hbox (badness 2547) in paragraph at lines 61--62
[]|\T1/ptm/m/n/10.95 parse \T1/cmtt/m/n/10.95 point_cloud.xyz \T1/ptm/m/n/10.95
 + meta-data
 []


Overfull \hbox (21.89317pt too wide) in paragraph at lines 67--67
[]|\T1/cmtt/m/n/10.95 multiway_registration_v2.py| 
 []


Overfull \hbox (4.91806pt too wide) in paragraph at lines 72--72
[]|\T1/cmtt/m/n/10.95 reconstruct_viewaware.py| 
 []


Overfull \hbox (4.91806pt too wide) in paragraph at lines 73--73
[]|\T1/cmtt/m/n/10.95 reconstruct_suop_tsdf.py| 
 []


Overfull \hbox (10.57643pt too wide) in paragraph at lines 75--75
[]|\T1/cmtt/m/n/10.95 gen_suop_dummy_dataset.py| 
 []


Underfull \hbox (badness 10000) in paragraph at lines 77--77
[]|\T1/cmtt/m/n/10.95 train_pcn.py \T1/ptm/m/n/10.95 /
 []


Overfull \hbox (21.89317pt too wide) in paragraph at lines 79--79
[]|\T1/cmtt/m/n/10.95 make_epoch_contact_sheet.py| 
 []

[62


]
Overfull \hbox (38.07886pt too wide) in paragraph at lines 93--100
\T1/cmtt/m/n/12 np.random.default_rng(0) \T1/ptm/m/n/12 and Open3D reg-is-tra-t
ion uses \T1/cmtt/m/n/12 o3d.utility.random.seed(43)\T1/ptm/m/n/12 ),
 []

[63]) (chapters/appendix_b.tex [64]
Appendix B.
<figures/fig_chair_temporal_segments.png, id=1482, 1156.32pt x 614.295pt>
File: figures/fig_chair_temporal_segments.png Graphic file (type png)
<use figures/fig_chair_temporal_segments.png>
Package pdftex.def Info: figures/fig_chair_temporal_segments.png  used on input
 line 12.
(pdftex.def)             Requested size: 401.1849pt x 213.12242pt.
<figures/fig_tyre_turntable.png, id=1483, 1156.32pt x 383.031pt>
File: figures/fig_tyre_turntable.png Graphic file (type png)
<use figures/fig_tyre_turntable.png>
Package pdftex.def Info: figures/fig_tyre_turntable.png  used on input line 22.

(pdftex.def)             Requested size: 418.2537pt x 138.54564pt.
<figures/fig_drum_epoch10.png, id=1484, 1127.412pt x 419.166pt>
File: figures/fig_drum_epoch10.png Graphic file (type png)
<use figures/fig_drum_epoch10.png>
Package pdftex.def Info: figures/fig_drum_epoch10.png  used on input line 31.
(pdftex.def)             Requested size: 384.1096pt x 142.80876pt.
[65

 <./figures/fig_chair_temporal_segments.png> <./figures/fig_tyre_turntable.png>
]
<figures/fig_routeB_dummy_ep05.png, id=1491, 1127.412pt x 419.166pt>
File: figures/fig_routeB_dummy_ep05.png Graphic file (type png)
<use figures/fig_routeB_dummy_ep05.png>
Package pdftex.def Info: figures/fig_routeB_dummy_ep05.png  used on input line 
40.
(pdftex.def)             Requested size: 384.1096pt x 142.80876pt.
File: figures/fig_suop_dataset.png Graphic file (type png)
<use figures/fig_suop_dataset.png>
Package pdftex.def Info: figures/fig_suop_dataset.png  used on input line 49.
(pdftex.def)             Requested size: 418.2537pt x 144.09842pt.
<figures/fig_range_effect.png, id=1494, 687.56876pt x 282.05376pt>
File: figures/fig_range_effect.png Graphic file (type png)
<use figures/fig_range_effect.png>
Package pdftex.def Info: figures/fig_range_effect.png  used on input line 58.
(pdftex.def)             Requested size: 341.43437pt x 140.06247pt.
) [66 <./figures/fig_drum_epoch10.png> <./figures/fig_routeB_dummy_ep05.png>] [
67 <./figures/fig_range_effect.png>] (main.aux)
 ***********
LaTeX2e <2025-11-01>
L3 programming layer <2025-12-24>
 ***********
Package rerunfilecheck Info: File `main.out' has not changed.
(rerunfilecheck)             Checksum: 4A953E4D96F2920F78F83EDCF3C7A0F1;21511.
 ) 
Here is how much of TeX's memory you used:
 19375 strings out of 467871
 318209 string characters out of 5417409
 785176 words of memory out of 5000000
 47537 multiletter control sequences out of 15000+600000
 740670 words of font info for 163 fonts, out of 8000000 for 9000
 1141 hyphenation exceptions out of 8191
 83i,13n,131p,1003b,719s stack positions out of 10000i,1000n,20000p,200000b,200000s
 <C:\Users\Neelash\AppData\Local\MiKTeX\fonts/pk/ljfour/jknappen/ec/dpi600\ec
tt1095.pk> <C:\Users\Neelash\AppData\Local\MiKTeX\fonts/pk/ljfour/jknappen/ec/d
pi600\ectt1200.pk> <C:\Users\Neelash\AppData\Local\MiKTeX\fonts/pk/ljfour/jknap
pen/ec/dpi600\ecit1095.pk><C:/Users/Neelash/AppData/Local/Programs/MiKTeX/fonts
/type1/public/amsfonts/cm/cmex10.pfb><C:/Users/Neelash/AppData/Local/Programs/M
iKTeX/fonts/type1/public/amsfonts/cm/cmmi10.pfb><C:/Users/Neelash/AppData/Local
/Programs/MiKTeX/fonts/type1/public/amsfonts/cm/cmr10.pfb><C:/Users/Neelash/App
Data/Local/Programs/MiKTeX/fonts/type1/public/amsfonts/cm/cmsy10.pfb><C:/Users/
Neelash/AppData/Local/Programs/MiKTeX/fonts/type1/public/rsfs/rsfs10.pfb><C:/Us
ers/Neelash/AppData/Local/Programs/MiKTeX/fonts/type1/urw/symbol/usyr.pfb><C:/U
sers/Neelash/AppData/Local/Programs/MiKTeX/fonts/type1/urw/symbol/usyr.pfb><C:/
Users/Neelash/AppData/Local/Programs/MiKTeX/fonts/type1/urw/times/utmb8a.pfb><C
:/Users/Neelash/AppData/Local/Programs/MiKTeX/fonts/type1/urw/times/utmbi8a.pfb
><C:/Users/Neelash/AppData/Local/Programs/MiKTeX/fonts/type1/urw/times/utmr8a.p
fb><C:/Users/Neelash/AppData/Local/Programs/MiKTeX/fonts/type1/urw/times/utmr8a
.pfb><C:/Users/Neelash/AppData/Local/Programs/MiKTeX/fonts/type1/urw/times/utmr
i8a.pfb>
Output written on main.pdf (82 pages, 7382642 bytes).
PDF statistics:
 1755 PDF objects out of 2073 (max. 8388607)
 359 named destinations out of 1000 (max. 500000)
 26180 words of extra memory for PDF output out of 29859 (max. 10000000)

