\BOOKMARK [0][-]{chapter*.1}{\376\377\000A\000b\000s\000t\000r\000a\000c\000t}{}% 1
\BOOKMARK [0][-]{chapter*.2}{\376\377\000D\000e\000d\000i\000c\000a\000t\000i\000o\000n}{}% 2
\BOOKMARK [0][-]{chapter*.3}{\376\377\000A\000c\000k\000n\000o\000w\000l\000e\000d\000g\000e\000m\000e\000n\000t\000s}{}% 3
\BOOKMARK [0][-]{chapter*.4}{\376\377\000D\000e\000c\000l\000a\000r\000a\000t\000i\000o\000n}{}% 4
\BOOKMARK [0][-]{chapter.1}{\376\377\000I\000n\000t\000r\000o\000d\000u\000c\000t\000i\000o\000n}{}% 5
\BOOKMARK [1][-]{section.1.1}{\376\377\000B\000a\000c\000k\000g\000r\000o\000u\000n\000d\000\040\000a\000n\000d\000\040\000m\000o\000t\000i\000v\000a\000t\000i\000o\000n}{chapter.1}% 6
\BOOKMARK [1][-]{section.1.2}{\376\377\000P\000r\000o\000b\000l\000e\000m\000\040\000s\000t\000a\000t\000e\000m\000e\000n\000t}{chapter.1}% 7
\BOOKMARK [1][-]{section.1.3}{\376\377\000R\000e\000s\000e\000a\000r\000c\000h\000\040\000q\000u\000e\000s\000t\000i\000o\000n\000\040\000a\000n\000d\000\040\000o\000b\000j\000e\000c\000t\000i\000v\000e\000s}{chapter.1}% 8
\BOOKMARK [1][-]{section.1.4}{\376\377\000S\000c\000o\000p\000e\000\040\000a\000n\000d\000\040\000c\000o\000n\000t\000r\000i\000b\000u\000t\000i\000o\000n\000s}{chapter.1}% 9
\BOOKMARK [1][-]{section.1.5}{\376\377\000T\000h\000e\000s\000i\000s\000\040\000s\000t\000r\000u\000c\000t\000u\000r\000e}{chapter.1}% 10
\BOOKMARK [0][-]{chapter.2}{\376\377\000L\000i\000t\000e\000r\000a\000t\000u\000r\000e\000\040\000R\000e\000v\000i\000e\000w}{}% 11
\BOOKMARK [1][-]{section.2.1}{\376\377\000U\000n\000d\000e\000r\000w\000a\000t\000e\000r\000\040\000a\000c\000o\000u\000s\000t\000i\000c\000\040\000s\000e\000n\000s\000i\000n\000g}{chapter.2}% 12
\BOOKMARK [2][-]{subsection.2.1.1}{\376\377\000W\000h\000y\000\040\000a\000c\000o\000u\000s\000t\000i\000c\000s}{section.2.1}% 13
\BOOKMARK [2][-]{subsection.2.1.2}{\376\377\000T\000h\000e\000\040\000B\000l\000u\000e\000V\000i\000e\000w\000\040\000B\000V\0005\0000\0000\0000}{section.2.1}% 14
\BOOKMARK [1][-]{section.2.2}{\376\377\000P\000o\000i\000n\000t\000-\000c\000l\000o\000u\000d\000\040\000p\000r\000o\000c\000e\000s\000s\000i\000n\000g\000\040\000p\000r\000i\000m\000i\000t\000i\000v\000e\000s}{chapter.2}% 15
\BOOKMARK [2][-]{subsection.2.2.1}{\376\377\000D\000e\000n\000o\000i\000s\000i\000n\000g\000\040\000a\000n\000d\000\040\000d\000e\000c\000i\000m\000a\000t\000i\000o\000n}{section.2.2}% 16
\BOOKMARK [2][-]{subsection.2.2.2}{\376\377\000N\000o\000r\000m\000a\000l\000s\000\040\000a\000n\000d\000\040\000l\000o\000c\000a\000l\000\040\000d\000e\000s\000c\000r\000i\000p\000t\000o\000r\000s}{section.2.2}% 17
\BOOKMARK [1][-]{section.2.3}{\376\377\000R\000e\000g\000i\000s\000t\000r\000a\000t\000i\000o\000n}{chapter.2}% 18
\BOOKMARK [2][-]{subsection.2.3.1}{\376\377\000P\000a\000i\000r\000w\000i\000s\000e\000\040\000r\000e\000g\000i\000s\000t\000r\000a\000t\000i\000o\000n}{section.2.3}% 19
\BOOKMARK [2][-]{subsection.2.3.2}{\376\377\000M\000u\000l\000t\000i\000w\000a\000y\000\040\000r\000e\000g\000i\000s\000t\000r\000a\000t\000i\000o\000n\000\040\000a\000n\000d\000\040\000p\000o\000s\000e\000\040\000g\000r\000a\000p\000h\000s}{section.2.3}% 20
\BOOKMARK [1][-]{section.2.4}{\376\377\000S\000u\000r\000f\000a\000c\000e\000\040\000r\000e\000c\000o\000n\000s\000t\000r\000u\000c\000t\000i\000o\000n}{chapter.2}% 21
\BOOKMARK [2][-]{subsection.2.4.1}{\376\377\000I\000m\000p\000l\000i\000c\000i\000t\000\040\000m\000e\000t\000h\000o\000d\000s\000:\000\040\000S\000c\000r\000e\000e\000n\000e\000d\000\040\000P\000o\000i\000s\000s\000o\000n}{section.2.4}% 22
\BOOKMARK [2][-]{subsection.2.4.2}{\376\377\000L\000o\000c\000a\000l\000\040\000m\000e\000t\000h\000o\000d\000s\000:\000\040\000B\000a\000l\000l\000-\000P\000i\000v\000o\000t\000i\000n\000g}{section.2.4}% 23
\BOOKMARK [2][-]{subsection.2.4.3}{\376\377\000T\000S\000D\000F\000\040\000f\000u\000s\000i\000o\000n}{section.2.4}% 24
\BOOKMARK [1][-]{section.2.5}{\376\377\000L\000e\000a\000r\000n\000e\000d\000\040\000p\000o\000i\000n\000t\000-\000c\000l\000o\000u\000d\000\040\000c\000o\000m\000p\000l\000e\000t\000i\000o\000n}{chapter.2}% 25
\BOOKMARK [2][-]{subsection.2.5.1}{\376\377\000T\000h\000e\000\040\000p\000r\000o\000b\000l\000e\000m}{section.2.5}% 26
\BOOKMARK [2][-]{subsection.2.5.2}{\376\377\000P\000o\000i\000n\000t\000N\000e\000t\000\040\000a\000n\000d\000\040\000p\000e\000r\000m\000u\000t\000a\000t\000i\000o\000n\000\040\000i\000n\000v\000a\000r\000i\000a\000n\000c\000e}{section.2.5}% 27
\BOOKMARK [2][-]{subsection.2.5.3}{\376\377\000P\000C\000N\000:\000\040\000P\000o\000i\000n\000t\000\040\000C\000o\000m\000p\000l\000e\000t\000i\000o\000n\000\040\000N\000e\000t\000w\000o\000r\000k}{section.2.5}% 28
\BOOKMARK [2][-]{subsection.2.5.4}{\376\377\000T\000h\000e\000\040\000C\000h\000a\000m\000f\000e\000r\000\040\000d\000i\000s\000t\000a\000n\000c\000e}{section.2.5}% 29
\BOOKMARK [2][-]{subsection.2.5.5}{\376\377\000R\000e\000l\000a\000t\000e\000d\000\040\000c\000o\000m\000p\000l\000e\000t\000i\000o\000n\000\040\000w\000o\000r\000k\000s}{section.2.5}% 30
\BOOKMARK [1][-]{section.2.6}{\376\377\000T\000h\000e\000\040\000S\000U\000O\000P\000\040\000d\000e\000t\000e\000c\000t\000i\000o\000n\000\040\000b\000a\000s\000e\000l\000i\000n\000e\000s}{chapter.2}% 31
\BOOKMARK [1][-]{section.2.7}{\376\377\000S\000u\000m\000m\000a\000r\000y}{chapter.2}% 32
\BOOKMARK [0][-]{chapter.3}{\376\377\000T\000h\000e\000\040\000S\000u\000o\000p\000\040\000D\000a\000t\000a\000s\000e\000t\000\040\000a\000n\000d\000\040\000D\000a\000t\000a\000\040\000P\000r\000e\000p\000a\000r\000a\000t\000i\000o\000n}{}% 33
\BOOKMARK [1][-]{section.3.1}{\376\377\000D\000a\000t\000a\000s\000e\000t\000\040\000d\000e\000s\000c\000r\000i\000p\000t\000i\000o\000n}{chapter.3}% 34
\BOOKMARK [2][-]{subsection.3.1.1}{\376\377\000T\000h\000e\000\040\000c\000r\000i\000t\000i\000c\000a\000l\000\040\000l\000i\000m\000i\000t\000a\000t\000i\000o\000n\000:\000\040\000i\000t\000\040\000i\000s\000\040\000a\000\040\000d\000e\000t\000e\000c\000t\000i\000o\000n\000\040\000d\000a\000t\000a\000s\000e\000t}{section.3.1}% 35
\BOOKMARK [1][-]{section.3.2}{\376\377\000A\000c\000q\000u\000i\000s\000i\000t\000i\000o\000n\000\040\000a\000u\000d\000i\000t}{chapter.3}% 36
\BOOKMARK [1][-]{section.3.3}{\376\377\000E\000x\000t\000r\000a\000c\000t\000i\000o\000n\000\040\000a\000n\000d\000\040\000c\000l\000e\000a\000n\000i\000n\000g}{chapter.3}% 37
\BOOKMARK [1][-]{section.3.4}{\376\377\000S\000e\000g\000m\000e\000n\000t\000a\000t\000i\000o\000n}{chapter.3}% 38
\BOOKMARK [2][-]{subsection.3.4.1}{\376\377\000P\000l\000a\000n\000e\000\040\000r\000e\000m\000o\000v\000a\000l}{section.3.4}% 39
\BOOKMARK [2][-]{subsection.3.4.2}{\376\377\000S\000c\000a\000l\000e\000-\000c\000o\000n\000s\000i\000s\000t\000e\000n\000t\000\040\000c\000l\000u\000s\000t\000e\000r\000i\000n\000g}{section.3.4}% 40
\BOOKMARK [2][-]{subsection.3.4.3}{\376\377\000T\000e\000m\000p\000o\000r\000a\000l\000\040\000b\000a\000c\000k\000g\000r\000o\000u\000n\000d\000\040\000r\000e\000j\000e\000c\000t\000i\000o\000n}{section.3.4}% 41
\BOOKMARK [1][-]{section.3.5}{\376\377\000C\000a\000s\000e\000\040\000s\000e\000l\000e\000c\000t\000i\000o\000n}{chapter.3}% 42
\BOOKMARK [1][-]{section.3.6}{\376\377\000S\000u\000m\000m\000a\000r\000y}{chapter.3}% 43
\BOOKMARK [0][-]{chapter.4}{\376\377\000R\000o\000u\000t\000e\000\040\000A\000:\000\040\000M\000u\000l\000t\000i\000-\000V\000i\000e\000w\000\040\000G\000e\000o\000m\000e\000t\000r\000i\000c\000\040\000F\000u\000s\000i\000o\000n}{}% 44
\BOOKMARK [1][-]{section.4.1}{\376\377\000W\000h\000y\000\040\000R\000o\000u\000t\000e\000\040\000A\000?}{chapter.4}% 45
\BOOKMARK [1][-]{section.4.2}{\376\377\000S\000t\000a\000g\000e\000\040\0001\000:\000\040\000p\000a\000i\000r\000w\000i\000s\000e\000\040\000r\000e\000g\000i\000s\000t\000r\000a\000t\000i\000o\000n}{chapter.4}% 46
\BOOKMARK [2][-]{subsection.4.2.1}{\376\377\000P\000r\000e\000p\000r\000o\000c\000e\000s\000s\000i\000n\000g}{section.4.2}% 47
\BOOKMARK [2][-]{subsection.4.2.2}{\376\377\000F\000P\000F\000H\000\040\000d\000e\000s\000c\000r\000i\000p\000t\000o\000r\000s}{section.4.2}% 48
\BOOKMARK [2][-]{subsection.4.2.3}{\376\377\000R\000A\000N\000S\000A\000C\000\040\000g\000l\000o\000b\000a\000l\000\040\000a\000l\000i\000g\000n\000m\000e\000n\000t}{section.4.2}% 49
\BOOKMARK [2][-]{subsection.4.2.4}{\376\377\000P\000o\000i\000n\000t\000-\000t\000o\000-\000p\000l\000a\000n\000e\000\040\000I\000C\000P\000\040\000r\000e\000f\000i\000n\000e\000m\000e\000n\000t}{section.4.2}% 50
\BOOKMARK [2][-]{subsection.4.2.5}{\376\377\000E\000d\000g\000e\000\040\000a\000c\000c\000e\000p\000t\000a\000n\000c\000e}{section.4.2}% 51
\BOOKMARK [1][-]{section.4.3}{\376\377\000S\000t\000a\000g\000e\000\040\0002\000:\000\040\000p\000o\000s\000e\000-\000g\000r\000a\000p\000h\000\040\000o\000p\000t\000i\000m\000i\000s\000a\000t\000i\000o\000n}{chapter.4}% 52
\BOOKMARK [2][-]{subsection.4.3.1}{\376\377\000M\000a\000x\000i\000m\000u\000m\000-\000f\000i\000t\000n\000e\000s\000s\000\040\000s\000p\000a\000n\000n\000i\000n\000g\000\040\000t\000r\000e\000e}{section.4.3}% 53
\BOOKMARK [2][-]{subsection.4.3.2}{\376\377\000L\000o\000o\000p\000\040\000c\000l\000o\000s\000u\000r\000e\000s}{section.4.3}% 54
\BOOKMARK [2][-]{subsection.4.3.3}{\376\377\000G\000l\000o\000b\000a\000l\000\040\000o\000p\000t\000i\000m\000i\000s\000a\000t\000i\000o\000n}{section.4.3}% 55
\BOOKMARK [1][-]{section.4.4}{\376\377\000S\000t\000a\000g\000e\000\040\0003\000:\000\040\000f\000u\000s\000i\000o\000n}{chapter.4}% 56
\BOOKMARK [1][-]{section.4.5}{\376\377\000S\000t\000a\000g\000e\000\040\0004\000:\000\040\000s\000u\000r\000f\000a\000c\000e\000\040\000r\000e\000c\000o\000n\000s\000t\000r\000u\000c\000t\000i\000o\000n}{chapter.4}% 57
\BOOKMARK [2][-]{subsection.4.5.1}{\376\377\000S\000c\000r\000e\000e\000n\000e\000d\000\040\000P\000o\000i\000s\000s\000o\000n\000\040\000r\000e\000c\000o\000n\000s\000t\000r\000u\000c\000t\000i\000o\000n}{section.4.5}% 58
\BOOKMARK [2][-]{subsection.4.5.2}{\376\377\000B\000a\000l\000l\000-\000P\000i\000v\000o\000t\000i\000n\000g\000\040\000A\000l\000g\000o\000r\000i\000t\000h\000m}{section.4.5}% 59
\BOOKMARK [2][-]{subsection.4.5.3}{\376\377\000W\000h\000y\000\040\000p\000r\000o\000d\000u\000c\000e\000\040\000b\000o\000t\000h\000?}{section.4.5}% 60
\BOOKMARK [1][-]{section.4.6}{\376\377\000V\000a\000r\000i\000a\000n\000t\000s}{chapter.4}% 61
\BOOKMARK [2][-]{subsection.4.6.1}{\376\377\000V\000i\000e\000w\000-\000a\000w\000a\000r\000e\000\040\000s\000e\000a\000b\000e\000d\000-\000p\000l\000a\000n\000e\000\040\000r\000e\000g\000i\000s\000t\000r\000a\000t\000i\000o\000n}{section.4.6}% 62
\BOOKMARK [2][-]{subsection.4.6.2}{\376\377\000S\000o\000n\000a\000r\000-\000n\000a\000t\000i\000v\000e\000\040\000f\000i\000r\000s\000t\000-\000r\000e\000t\000u\000r\000n\000\040\000r\000a\000y\000\040\000T\000S\000D\000F}{section.4.6}% 63
\BOOKMARK [1][-]{section.4.7}{\376\377\000S\000u\000m\000m\000a\000r\000y}{chapter.4}% 64
\BOOKMARK [0][-]{chapter.5}{\376\377\000R\000o\000u\000t\000e\000\040\000B\000:\000\040\000S\000i\000n\000g\000l\000e\000-\000V\000i\000e\000w\000\040\000L\000e\000a\000r\000n\000e\000d\000\040\000C\000o\000m\000p\000l\000e\000t\000i\000o\000n}{}% 65
\BOOKMARK [1][-]{section.5.1}{\376\377\000W\000h\000y\000\040\000R\000o\000u\000t\000e\000\040\000B\000?}{chapter.5}% 66
\BOOKMARK [1][-]{section.5.2}{\376\377\000S\000t\000a\000g\000e\000\040\0001\000:\000\040\000s\000i\000n\000g\000l\000e\000-\000v\000i\000e\000w\000\040\000c\000a\000p\000t\000u\000r\000e\000\040\000a\000n\000d\000\040\000s\000i\000m\000u\000l\000a\000t\000i\000o\000n}{chapter.5}% 67
\BOOKMARK [2][-]{subsection.5.2.1}{\376\377\000R\000e\000a\000l\000\040\000c\000a\000p\000t\000u\000r\000e}{section.5.2}% 68
\BOOKMARK [2][-]{subsection.5.2.2}{\376\377\000S\000i\000m\000u\000l\000a\000t\000e\000d\000\040\000a\000c\000q\000u\000i\000s\000i\000t\000i\000o\000n}{section.5.2}% 69
\BOOKMARK [1][-]{section.5.3}{\376\377\000S\000t\000a\000g\000e\000\040\0002\000:\000\040\000t\000h\000e\000\040\000P\000C\000N\000\040\000a\000r\000c\000h\000i\000t\000e\000c\000t\000u\000r\000e}{chapter.5}% 70
\BOOKMARK [2][-]{subsection.5.3.1}{\376\377\000E\000n\000c\000o\000d\000e\000r\000:\000\040\000w\000h\000y\000\040\000s\000h\000a\000r\000e\000d\000\040\000M\000L\000P\000s\000\040\000a\000n\000d\000\040\000m\000a\000x\000\040\000p\000o\000o\000l\000i\000n\000g}{section.5.3}% 71
\BOOKMARK [2][-]{subsection.5.3.2}{\376\377\000D\000e\000c\000o\000d\000e\000r\000:\000\040\000w\000h\000y\000\040\000c\000o\000a\000r\000s\000e\000-\000t\000o\000-\000f\000i\000n\000e\000\040\000w\000i\000t\000h\000\040\000f\000o\000l\000d\000i\000n\000g}{section.5.3}% 72
\BOOKMARK [1][-]{section.5.4}{\376\377\000S\000t\000a\000g\000e\000\040\0003\000:\000\040\000p\000a\000i\000r\000e\000d\000\040\000t\000r\000a\000i\000n\000i\000n\000g\000\040\000d\000a\000t\000a}{chapter.5}% 73
\BOOKMARK [2][-]{subsection.5.4.1}{\376\377\000T\000w\000o\000\040\000g\000e\000n\000e\000r\000a\000t\000o\000r\000s}{section.5.4}% 74
\BOOKMARK [2][-]{subsection.5.4.2}{\376\377\000O\000u\000t\000p\000u\000t\000\040\000p\000a\000i\000r\000s}{section.5.4}% 75
\BOOKMARK [1][-]{section.5.5}{\376\377\000S\000t\000a\000g\000e\000\040\0004\000:\000\040\000t\000r\000a\000i\000n\000i\000n\000g}{chapter.5}% 76
\BOOKMARK [2][-]{subsection.5.5.1}{\376\377\000L\000o\000s\000s}{section.5.5}% 77
\BOOKMARK [2][-]{subsection.5.5.2}{\376\377\000O\000p\000t\000i\000m\000i\000s\000e\000r\000\040\000a\000n\000d\000\040\000s\000c\000h\000e\000d\000u\000l\000e}{section.5.5}% 78
\BOOKMARK [2][-]{subsection.5.5.3}{\376\377\000T\000r\000a\000i\000n\000i\000n\000g\000\040\000r\000u\000n\000s}{section.5.5}% 79
\BOOKMARK [1][-]{section.5.6}{\376\377\000S\000u\000m\000m\000a\000r\000y}{chapter.5}% 80
\BOOKMARK [0][-]{chapter.6}{\376\377\000W\000h\000y\000\040\000R\000o\000u\000t\000e\000\040\000A\000,\000\040\000W\000h\000y\000\040\000R\000o\000u\000t\000e\000\040\000B\000:\000\040\000T\000h\000e\000\040\000T\000w\000o\000\040\000R\000o\000u\000t\000e\000s\000\040\000C\000o\000m\000p\000a\000r\000e\000d}{}% 81
\BOOKMARK [1][-]{section.6.1}{\376\377\000P\000o\000s\000i\000t\000i\000o\000n\000i\000n\000g\000:\000\040\000t\000w\000o\000\040\000r\000o\000u\000t\000e\000s\000,\000\040\000o\000n\000e\000\040\000q\000u\000e\000s\000t\000i\000o\000n}{chapter.6}% 82
\BOOKMARK [1][-]{section.6.2}{\376\377\000S\000i\000d\000e\000-\000b\000y\000-\000s\000i\000d\000e\000\040\000c\000o\000m\000p\000a\000r\000i\000s\000o\000n}{chapter.6}% 83
\BOOKMARK [1][-]{section.6.3}{\376\377\000O\000u\000t\000p\000u\000t\000\040\000d\000i\000f\000f\000e\000r\000e\000n\000c\000e\000s\000\040\000i\000n\000\040\000d\000e\000p\000t\000h}{chapter.6}% 84
\BOOKMARK [2][-]{subsection.6.3.1}{\376\377\000W\000h\000a\000t\000\040\000e\000a\000c\000h\000\040\000o\000u\000t\000p\000u\000t\000\040\000c\000l\000a\000i\000m\000s}{section.6.3}% 85
\BOOKMARK [1][-]{section.6.4}{\376\377\000W\000h\000e\000n\000\040\000t\000h\000e\000\040\000r\000o\000u\000t\000e\000s\000\040\000c\000o\000n\000n\000e\000c\000t}{chapter.6}% 86
\BOOKMARK [1][-]{section.6.5}{\376\377\000S\000u\000m\000m\000a\000r\000y}{chapter.6}% 87
\BOOKMARK [0][-]{chapter.7}{\376\377\000R\000o\000u\000t\000e\000\040\000A\000\040\000R\000e\000s\000u\000l\000t\000s}{}% 88
\BOOKMARK [1][-]{section.7.1}{\376\377\000R\000e\000g\000i\000s\000t\000r\000a\000t\000i\000o\000n\000\040\000r\000e\000s\000u\000l\000t\000s}{chapter.7}% 89
\BOOKMARK [1][-]{section.7.2}{\376\377\000M\000e\000s\000h\000i\000n\000g\000\040\000r\000e\000s\000u\000l\000t\000s}{chapter.7}% 90
\BOOKMARK [2][-]{subsection.7.2.1}{\376\377\000T\000u\000r\000n\000t\000a\000b\000l\000e\000\040\000v\000i\000e\000w\000s}{section.7.2}% 91
\BOOKMARK [1][-]{section.7.3}{\376\377\000V\000a\000r\000i\000a\000n\000t\000\040\000r\000e\000s\000u\000l\000t\000s}{chapter.7}% 92
\BOOKMARK [2][-]{subsection.7.3.1}{\376\377\000M\000o\000d\000e\000l\000-\000a\000s\000s\000i\000s\000t\000e\000d\000\040\000h\000y\000b\000r\000i\000d\000\040\000o\000u\000t\000p\000u\000t\000s}{section.7.3}% 93
\BOOKMARK [1][-]{section.7.4}{\376\377\000I\000n\000t\000e\000r\000p\000r\000e\000t\000a\000t\000i\000o\000n\000:\000\040\000w\000h\000a\000t\000\040\000t\000h\000e\000s\000e\000\040\000n\000u\000m\000b\000e\000r\000s\000\040\000d\000o\000\040\000a\000n\000d\000\040\000d\000o\000\040\000n\000o\000t\000\040\000p\000r\000o\000v\000e}{chapter.7}% 94
\BOOKMARK [0][-]{chapter.8}{\376\377\000R\000o\000u\000t\000e\000\040\000B\000\040\000R\000e\000s\000u\000l\000t\000s}{}% 95
\BOOKMARK [1][-]{section.8.1}{\376\377\000T\000r\000a\000i\000n\000i\000n\000g\000\040\000p\000r\000o\000g\000r\000e\000s\000s}{chapter.8}% 96
\BOOKMARK [1][-]{section.8.2}{\376\377\000E\000p\000o\000c\000h\000-\000b\000y\000-\000e\000p\000o\000c\000h\000\040\000e\000v\000i\000d\000e\000n\000c\000e}{chapter.8}% 97
\BOOKMARK [1][-]{section.8.3}{\376\377\000I\000n\000f\000e\000r\000e\000n\000c\000e\000\040\000o\000n\000\040\000a\000\040\000r\000e\000a\000l\000\040\000S\000U\000O\000P\000\040\000p\000a\000r\000t\000i\000a\000l}{chapter.8}% 98
\BOOKMARK [1][-]{section.8.4}{\376\377\000I\000n\000t\000e\000r\000p\000r\000e\000t\000a\000t\000i\000o\000n\000:\000\040\000w\000h\000a\000t\000\040\000t\000h\000e\000s\000e\000\040\000n\000u\000m\000b\000e\000r\000s\000\040\000d\000o\000\040\000a\000n\000d\000\040\000d\000o\000\040\000n\000o\000t\000\040\000p\000r\000o\000v\000e}{chapter.8}% 99
\BOOKMARK [0][-]{chapter.9}{\376\377\000D\000i\000s\000c\000u\000s\000s\000i\000o\000n}{}% 100
\BOOKMARK [1][-]{section.9.1}{\376\377\000W\000h\000a\000t\000\040\000t\000h\000e\000\040\000r\000e\000s\000u\000l\000t\000s\000\040\000m\000e\000a\000n\000\040\000t\000o\000g\000e\000t\000h\000e\000r}{chapter.9}% 101
\BOOKMARK [1][-]{section.9.2}{\376\377\000C\000o\000v\000e\000r\000a\000g\000e\000\040\000a\000c\000r\000o\000s\000s\000\040\000c\000a\000t\000e\000g\000o\000r\000i\000e\000s}{chapter.9}% 102
\BOOKMARK [1][-]{section.9.3}{\376\377\000T\000h\000r\000e\000a\000t\000s\000\040\000t\000o\000\040\000v\000a\000l\000i\000d\000i\000t\000y}{chapter.9}% 103
\BOOKMARK [2][-]{subsection.9.3.1}{\376\377\000I\000n\000t\000e\000r\000n\000a\000l\000\040\000v\000a\000l\000i\000d\000i\000t\000y}{section.9.3}% 104
\BOOKMARK [2][-]{subsection.9.3.2}{\376\377\000E\000x\000t\000e\000r\000n\000a\000l\000\040\000v\000a\000l\000i\000d\000i\000t\000y}{section.9.3}% 105
\BOOKMARK [2][-]{subsection.9.3.3}{\376\377\000R\000e\000l\000i\000a\000b\000i\000l\000i\000t\000y\000\040\000a\000n\000d\000\040\000r\000e\000p\000r\000o\000d\000u\000c\000i\000b\000i\000l\000i\000t\000y}{section.9.3}% 106
\BOOKMARK [1][-]{section.9.4}{\376\377\000I\000m\000p\000l\000i\000c\000a\000t\000i\000o\000n\000s\000\040\000f\000o\000r\000\040\000p\000r\000a\000c\000t\000i\000c\000e}{chapter.9}% 107
\BOOKMARK [1][-]{section.9.5}{\376\377\000S\000u\000m\000m\000a\000r\000y}{chapter.9}% 108
\BOOKMARK [0][-]{chapter.10}{\376\377\000C\000o\000n\000c\000l\000u\000s\000i\000o\000n\000s\000\040\000a\000n\000d\000\040\000F\000u\000t\000u\000r\000e\000\040\000W\000o\000r\000k}{}% 109
\BOOKMARK [1][-]{section.10.1}{\376\377\000S\000u\000m\000m\000a\000r\000y\000\040\000o\000f\000\040\000c\000o\000n\000t\000r\000i\000b\000u\000t\000i\000o\000n\000s}{chapter.10}% 110
\BOOKMARK [1][-]{section.10.2}{\376\377\000A\000n\000s\000w\000e\000r\000s\000\040\000t\000o\000\040\000t\000h\000e\000\040\000r\000e\000s\000e\000a\000r\000c\000h\000\040\000q\000u\000e\000s\000t\000i\000o\000n\000\040\000a\000n\000d\000\040\000o\000b\000j\000e\000c\000t\000i\000v\000e\000s}{chapter.10}% 111
\BOOKMARK [1][-]{section.10.3}{\376\377\000L\000i\000m\000i\000t\000a\000t\000i\000o\000n\000s}{chapter.10}% 112
\BOOKMARK [1][-]{section.10.4}{\376\377\000F\000u\000t\000u\000r\000e\000\040\000w\000o\000r\000k}{chapter.10}% 113
\BOOKMARK [2][-]{subsection.10.4.1}{\376\377\000A\000\040\000c\000a\000l\000i\000b\000r\000a\000t\000e\000d\000\040\000m\000u\000l\000t\000i\000-\000v\000i\000e\000w\000\040\000a\000c\000q\000u\000i\000s\000i\000t\000i\000o\000n\000\040\000w\000i\000t\000h\000\040\000e\000x\000t\000e\000r\000n\000a\000l\000\040\000r\000e\000f\000e\000r\000e\000n\000c\000e}{section.10.4}% 114
\BOOKMARK [2][-]{subsection.10.4.2}{\376\377\000H\000a\000r\000d\000e\000n\000i\000n\000g\000\040\000e\000a\000c\000h\000\040\000r\000o\000u\000t\000e}{section.10.4}% 115
\BOOKMARK [2][-]{subsection.10.4.3}{\376\377\000C\000h\000a\000i\000n\000i\000n\000g\000\040\000t\000h\000e\000\040\000r\000o\000u\000t\000e\000s}{section.10.4}% 116
\BOOKMARK [1][-]{section.10.5}{\376\377\000C\000l\000o\000s\000i\000n\000g\000\040\000r\000e\000m\000a\000r\000k}{chapter.10}% 117
\BOOKMARK [0][-]{appendix.A}{\376\377\000E\000n\000v\000i\000r\000o\000n\000m\000e\000n\000t\000\040\000a\000n\000d\000\040\000R\000e\000p\000r\000o\000d\000u\000c\000i\000b\000i\000l\000i\000t\000y}{}% 118
\BOOKMARK [1][-]{section.A.1}{\376\377\000R\000u\000n\000\040\000o\000r\000d\000e\000r\000\040\000a\000n\000d\000\040\000s\000c\000r\000i\000p\000t\000s}{appendix.A}% 119
\BOOKMARK [1][-]{section.A.2}{\376\377\000S\000e\000e\000d\000s\000\040\000a\000n\000d\000\040\000d\000e\000t\000e\000r\000m\000i\000n\000i\000s\000m}{appendix.A}% 120
\BOOKMARK [1][-]{section.A.3}{\376\377\000O\000u\000t\000p\000u\000t\000s\000\040\000i\000n\000v\000e\000n\000t\000o\000r\000y}{appendix.A}% 121
\BOOKMARK [0][-]{appendix.B}{\376\377\000S\000u\000p\000p\000l\000e\000m\000e\000n\000t\000a\000r\000y\000\040\000F\000i\000g\000u\000r\000e\000s}{}% 122
